// Jest Snapshot v1, https://goo.gl/fbAQLP

exports[`Emoji Fallback emoji (images) 1`] = `"<p>hh:mm</p><p>hh:mm:</p><p>hh:mm:ss</p><p>:mm:s</p><p>Namespace::SubNameSpace</p><p>Namespace::SubNameSpace::Class</p><p>2014-12-29T16:11:20+00:00</p><p>2020-12-03T15:05:57+00:00 (extended)</p><p>2020-12-03T15:05:57Z (extended)</p><p>:01:</p><p><img class=\\"emoji\\" src=\\"https://github.githubassets.com/images/icons/emoji/unicode/1f604.png\\" alt=\\"1\\"></p><p>1<img class=\\"emoji\\" src=\\"https://github.githubassets.com/images/icons/emoji/unicode/1f604.png\\" alt=\\"1\\"></p><p><img class=\\"emoji\\" src=\\"https://github.githubassets.com/images/icons/emoji/unicode/1f604.png\\" alt=\\"1\\">1</p><p>1<img class=\\"emoji\\" src=\\"https://github.githubassets.com/images/icons/emoji/unicode/1f604.png\\" alt=\\"1\\">1</p><p><img class=\\"emoji\\" src=\\"https://github.githubassets.com/images/icons/emoji/unicode/1f604.png\\" alt=\\"1\\"><img class=\\"emoji\\" src=\\"https://github.githubassets.com/images/icons/emoji/unicode/1f604.png\\" alt=\\"1\\"><img class=\\"emoji\\" src=\\"https://github.githubassets.com/images/icons/emoji/unicode/1f604.png\\" alt=\\"1\\"></p><p><img class=\\"emoji\\" src=\\"https://github.githubassets.com/images/icons/emoji/unicode/1f604.png\\" alt=\\"1\\"> <img class=\\"emoji\\" src=\\"https://github.githubassets.com/images/icons/emoji/unicode/1f604.png\\" alt=\\"1\\"> <img class=\\"emoji\\" src=\\"https://github.githubassets.com/images/icons/emoji/unicode/1f604.png\\" alt=\\"1\\"></p>"`;

exports[`Emoji Native emoji 1`] = `"<p>hh:mm</p><p>hh:mm:</p><p>hh:mm:ss</p><p>:mm:s</p><p>Namespace::SubNameSpace</p><p>Namespace::SubNameSpace::Class</p><p>2014-12-29T16:11:20+00:00</p><p>2020-12-03T15:05:57+00:00 (extended)</p><p>2020-12-03T15:05:57Z (extended)</p><p>:01:</p><p><span class=\\"emoji\\">ðŸ˜„ï¸Ž</span></p><p>1<span class=\\"emoji\\">ðŸ˜„ï¸Ž</span></p><p><span class=\\"emoji\\">ðŸ˜„ï¸Ž</span>1</p><p>1<span class=\\"emoji\\">ðŸ˜„ï¸Ž</span>1</p><p><span class=\\"emoji\\">ðŸ˜„ï¸Ž</span><span class=\\"emoji\\">ðŸ˜„ï¸Ž</span><span class=\\"emoji\\">ðŸ˜„ï¸Ž</span></p><p><span class=\\"emoji\\">ðŸ˜„ï¸Ž</span> <span class=\\"emoji\\">ðŸ˜„ï¸Ž</span> <span class=\\"emoji\\">ðŸ˜„ï¸Ž</span></p>"`;

exports[`Emoji No emoji 1`] = `"<p>hh:mm</p><p>hh:mm:</p><p>hh:mm:ss</p><p>:mm:s</p><p>Namespace::SubNameSpace</p><p>Namespace::SubNameSpace::Class</p><p>2014-12-29T16:11:20+00:00</p><p>2020-12-03T15:05:57+00:00 (extended)</p><p>2020-12-03T15:05:57Z (extended)</p><p>:01:</p><p>:smile:</p><p>1:smile:</p><p>:smile:1</p><p>1:smile:1</p><p>:smile::smile::smile:</p><p>:smile: :smile: :smile:</p>"`;
